../Core/Src/MCP2515_SPI.c:17:6:MCP2515_SPI_Initialize	16	static
../Core/Src/MCP2515_SPI.c:34:6:MCP2515_SetConfigMode	8	static
../Core/Src/MCP2515_SPI.c:50:6:MCP2515_SetNormalMode	8	static
../Core/Src/MCP2515_SPI.c:66:6:MCP2515_SetSleepMode	8	static
../Core/Src/MCP2515_SPI.c:82:6:MCP2515_SetLoopBackMode	8	static
../Core/Src/MCP2515_SPI.c:98:6:MCP2515_SetListenOnlyMode	8	static
../Core/Src/MCP2515_SPI.c:115:6:MCP2515_Reset	8	static
../Core/Src/MCP2515_SPI.c:124:6:MCP2515_SPI_Transfer	16	static
../Core/Src/MCP2515_SPI.c:129:6:MCP2515_SPI_TransferBuffer	16	static
../Core/Src/MCP2515_SPI.c:134:9:MCP2515_SPI_Receive	16	static
../Core/Src/MCP2515_SPI.c:143:6:MCP2515_SPI_ReceiveBuffer	16	static
../Core/Src/MCP2515_SPI.c:148:9:MCP2515_ReadByte	24	static
../Core/Src/MCP2515_SPI.c:163:6:MCP2515_WriteByte	16	static
../Core/Src/MCP2515_SPI.c:174:6:MCP2515_BitModify	16	static
../Core/Src/MCP2515_SPI.c:186:6:MCP2515_ReadRxBuffer	16	static
../Core/Src/MCP2515_SPI.c:196:9:MCP2515_ReadStatus	16	static
../Core/Src/MCP2515_SPI.c:210:9:MCP2515_RxStatus	16	static
../Core/Src/MCP2515_SPI.c:224:6:MCP2515_RequestToSend	16	static
../Core/Src/MCP2515_SPI.c:233:6:MCP2515_LoadTxBuffer	16	static
../Core/Src/MCP2515_SPI.c:243:6:MCP2515_ReadRxSequence	16	static
../Core/Src/MCP2515_SPI.c:252:6:MCP2515_LoadTxSequence	24	static
../Core/Src/MCP2515_SPI.c:265:6:MCP2515_WriteByteSequence	16	static
