16:57:58 **** Incremental Build of configuration Debug for project stm32_74hc595_proteus ****
make -j12 all 
arm-none-eabi-gcc "../Core/Src/main.c" -mcpu=cortex-m3 -std=gnu11 -g3 -DDEBUG -DUSE_HAL_DRIVER -DSTM32F103x6 -c -I../Core/Inc -I../Drivers/STM32F1xx_HAL_Driver/Inc/Legacy -I../Drivers/STM32F1xx_HAL_Driver/Inc -I../Drivers/CMSIS/Device/ST/STM32F1xx/Include -I../Drivers/CMSIS/Include -O0 -ffunction-sections -fdata-sections -Wall -fstack-usage -fcyclomatic-complexity -MMD -MP -MF"Core/Src/main.d" -MT"Core/Src/main.o" --specs=nano.specs -mfloat-abi=soft -mthumb -o "Core/Src/main.o"
arm-none-eabi-gcc -o "stm32_74hc595_proteus.elf" @"objects.list"   -mcpu=cortex-m3 -T"C:\Users\erkan\STM32CubeIDE\workspace_1.11.2\stm32_74hc595_proteus\STM32F103C6TX_FLASH.ld" --specs=nosys.specs -Wl,-Map="stm32_74hc595_proteus.map" -Wl,--gc-sections -static --specs=nano.specs -mfloat-abi=soft -mthumb -Wl,--start-group -lc -lm -Wl,--end-group
Finished building target: stm32_74hc595_proteus.elf
 
arm-none-eabi-size  stm32_74hc595_proteus.elf 
arm-none-eabi-objdump -h -S stm32_74hc595_proteus.elf  > "stm32_74hc595_proteus.list"
   text	   data	    bss	    dec	    hex	filename
   6224	     24	   1656	   7904	   1ee0	stm32_74hc595_proteus.elf
arm-none-eabi-objcopy  -O ihex stm32_74hc595_proteus.elf  "stm32_74hc595_proteus.hex"
Finished building: default.size.stdout
 
Finished building: stm32_74hc595_proteus.hex
Finished building: stm32_74hc595_proteus.list
 
 
